../Core/Src/ssd1306.c:8:6:ssd1306_Reset	4	static
../Core/Src/ssd1306.c:13:6:ssd1306_WriteCommand	32	static
../Core/Src/ssd1306.c:18:6:ssd1306_WriteData	32	static
../Core/Src/ssd1306.c:63:17:ssd1306_FillBuffer	24	static
../Core/Src/ssd1306.c:73:6:ssd1306_Init	8	static
../Core/Src/ssd1306.c:175:6:ssd1306_Fill	16	static
../Core/Src/ssd1306.c:180:6:ssd1306_UpdateScreen	16	static
../Core/Src/ssd1306.c:201:6:ssd1306_DrawPixel	16	static
../Core/Src/ssd1306.c:221:6:ssd1306_WriteChar	48	static
../Core/Src/ssd1306.c:258:6:ssd1306_WriteString	32	static
../Core/Src/ssd1306.c:272:6:ssd1306_SetCursor	16	static
../Core/Src/ssd1306.c:278:6:ssd1306_Line	48	static
../Core/Src/ssd1306.c:305:6:ssd1306_Polyline	40	static
../Core/Src/ssd1306.c:319:14:ssd1306_DegToRad	16	static
../Core/Src/ssd1306.c:324:17:ssd1306_NormalizeTo0_360	24	static
../Core/Src/ssd1306.c:340:6:ssd1306_DrawArc	64	static
../Core/Src/ssd1306.c:380:6:ssd1306_DrawArcWithRadiusLine	72	static
../Core/Src/ssd1306.c:423:6:ssd1306_DrawCircle	40	static
../Core/Src/ssd1306.c:458:6:ssd1306_FillCircle	48	static
../Core/Src/ssd1306.c:494:6:ssd1306_DrawRectangle	32	static
../Core/Src/ssd1306.c:504:6:ssd1306_FillRectangle	32	static
../Core/Src/ssd1306.c:518:17:ssd1306_InvertRectangle	32	static
../Core/Src/ssd1306.c:549:6:ssd1306_DrawBitmap	24	static
../Core/Src/ssd1306.c:573:6:ssd1306_SetContrast	24	static
../Core/Src/ssd1306.c:579:6:ssd1306_SetDisplayOn	24	static
../Core/Src/ssd1306.c:591:9:ssd1306_GetDisplayOn	4	static
